[ruixiangfloor.weebly.com/index.html]
[backblue.gif]
[fade.gif]
[index.html]
[www.weebly.com/editor/uploads/1/1/4/6/114689087/custom_themes/115591498170329052/files/images/home8.png]
[www.weebly.com/editor/uploads/1/1/4/6/114689087/custom_themes/115591498170329052/files/images/home2.png]
[cdn11.editmysite.com/css/sites8153.css]
[cdn11.editmysite.com/css/old/fancybox8153.css]
[cdn11.editmysite.com/css/social-icons8153.css]
[cdn2.editmysite.com/fonts/Josefin_Sans/fontc81e.css]
[ruixiangfloor.weebly.com/files/main_style90a7.css]
[cdn2.editmysite.com/fonts/Quattrocento/fontc81e.css]
[cdn2.editmysite.com/fonts/Crimson_Text/fontc81e.css]
[cdn2.editmysite.com/fonts/Montserrat/fontc81e.css]
[cdn2.editmysite.com/fonts/Playfair_Display/fontc81e.css]
[cdn2.editmysite.com/fonts/Lora/fontc81e.css]
[cdn2.editmysite.com/css/old/slideshow/slideshow8153.css]
[ruixiangfloor.weebly.com/files/templateArtifacts90a7.js]
[cdn11.editmysite.com/js/jquery-1.8.3.min.js]
[www.google.com/recaptcha/api.js]
[ruixiangfloor.weebly.com/uploads/1/1/4/6/114689087/chatgpt-image-2026-6-7-02-12-58.png]
[cdn2.editmysite.com/js/old/slideshow-jq8153.js]
[cdn2.editmysite.com/js/lang/en/stl915c.js]
[ruixiangfloor.weebly.com/service.html]
[ruixiangfloor.weebly.com/about.html]
[ruixiangfloor.weebly.com/_/uploads/1/1/4/6/114689087/background-images/985316166.png_]
[www.weebly.com/editor/uploads/1/1/4/6/114689087/custom_themes/115591498170329052/files/images/home3.jpg]
[ruixiangfloor.weebly.com/contact.html]
[cdn11.editmysite.com/js/site/main8153.js]
[ruixiangfloor.weebly.com/uploads/1/1/4/6/114689087/line_5.png]
[connect.facebook.net/zh_TW/sdk.js]
[ruixiangfloor.weebly.com/uploads/1/1/4/6/114689087/line_6.png]
[cdn11.editmysite.com/images/site/footer/footer-toast-published-image-1.png]
[cdn11.editmysite.com/js/site/footerSignupd5e4.js]
[ruixiangfloor.weebly.com/files/theme/pluginsdaa4.js]
[ruixiangfloor.weebly.com/files/theme/customdaa4.js]
[ruixiangfloor.weebly.com/index.html]
[cdn11.editmysite.com/images/util/videojs/white-bar.png]
[cdn11.editmysite.com/images/util/videojs/@2x/white-bar.png]
[cdn11.editmysite.com/images/util/videojs/gradient.png]
[cdn11.editmysite.com/images/util/videojs/@2x/gradient.png]
[cdn11.editmysite.com/sprites/util/videojs-sacae758aa2.png]
[cdn11.editmysite.com/sprites/util/videojs/@2x-s2aff7e7d9a.png]
[cdn11.editmysite.com/images/util/videojs/volume-filled.png]
[cdn11.editmysite.com/images/util/videojs/@2x/volume-filled.png]
[cdn11.editmysite.com/images/util/videojs/volume-mute.png]
[cdn11.editmysite.com/images/util/videojs/@2x/volume-mute.png]
[cdn3.editmysite.com/app/website/static/js/wsnbn/snowday262.js]
[cdn11.editmysite.com/images/util/videojs/blue-bar.png]
[cdn11.editmysite.com/images/util/videojs/@2x/blue-bar.png]
[cdn11.editmysite.com/images/util/videojs/maximize-icon.png]
[cdn11.editmysite.com/images/util/videojs/@2x/maximize-icon.png]
[cdn11.editmysite.com/images/util/videojs/minimize-icon.png]
[cdn11.editmysite.com/images/util/videojs/@2x/minimize-icon.png]
[cdn11.editmysite.com/images/util/videojs/play-icon.png]
[cdn11.editmysite.com/images/util/videojs/@2x/play-icon.png]
[cdn11.editmysite.com/images/util/videojs/sad-face.png]
[cdn11.editmysite.com/images/util/videojs/@2x/sad-face.png]
[cdn11.editmysite.com/images/util/videojs/loading-icon.png]
[cdn11.editmysite.com/images/util/videojs/@2x/loading-icon.png]
[cdn11.editmysite.com/images/common/buttons/small_grey.png]
[cdn11.editmysite.com/images/common/buttons/small_blue.png]
[cdn11.editmysite.com/images/old/button/large_grey.png]
[cdn11.editmysite.com/images/common/buttons/large_blue.png]
[cdn11.editmysite.com/images/common/search-light.png]
[cdn11.editmysite.com/images/common/social_icons.png]
[cdn11.editmysite.com/images/common/blog/blog-comment-button.png]
[cdn11.editmysite.com/images/common/blog/blog-comment-header.png]
[cdn11.editmysite.com/images/common/blog/blog-comment-pointer.png]
[cdn2.editmysite.com/js/site/main-customer-accounts-site8153.js]
[cdn11.editmysite.com/images/common/blog/blog-comment-link.png]
[cdn11.editmysite.com/images/common/blog/blog-comment-header-author.png]
[cdn11.editmysite.com/images/common/blog/blog-comment-pointer-author.png]
[cdn11.editmysite.com/images/common/blog/blog-comment-field-bg.png]
[cdn11.editmysite.com/images/common/blog/dark-blog-comment-header.png]
[cdn11.editmysite.com/images/common/blog/dark-blog-comment-pointer.png]
[cdn11.editmysite.com/images/common/blog/dark-blog-comment-header-author.png]
[cdn11.editmysite.com/images/common/blog/dark-blog-comment-pointer-author.png]
[cdn11.editmysite.com/images/common/blog/dark-blog-comment-link.png]
[cdn11.editmysite.com/images/util/general/blank.gif]
[cdn11.editmysite.com/images/common/lightbox/prevlabel.gif]
[cdn11.editmysite.com/images/common/lightbox/nextlabel.gif]
[cdn11.editmysite.com/sprites/util/inputs/checkmarkBox-s7868418152.png]
[cdn11.editmysite.com/sprites/util/inputs/checkmarkBox/@2x-s211a47d318.png]
[cdn11.editmysite.com/images/util/inputs/search-input-bg.jpg]
[cdn11.editmysite.com/images/common/magnifying-glass.png]
[cdn11.editmysite.com/images/common/checkmarks/checkmark-mini.png]
[cdn11.editmysite.com/images/common/checkmarks/@2x/checkmark-mini.png]
[cdn11.editmysite.com/images/common/search-pagination-bg.png]
[cdn11.editmysite.com/images/util/general/top-triangle-000.png]
[cdn11.editmysite.com/images/util/general/bottom-triangle-000.png]
[cdn11.editmysite.com/images/util/general/top-triangle-000@2x.png]
[cdn11.editmysite.com/images/util/general/bottom-triangle-000@2x.png]
[cdn11.editmysite.com/sprites/common/social-icons-s5ea5500bdb.png]
[cdn11.editmysite.com/sprites/common/social-icons/@2x-s0ae7d70c70.png]
[cdn11.editmysite.com/sprites/site/mini-cart-s86c48effae.png]
[cdn11.editmysite.com/sprites/site/mini-cart/@2x-s576cbc3f90.png]
[cdn11.editmysite.com/images/loading.gif]
[cdn11.editmysite.com/sprites/site/mobile/commerce-sdf6d4e852c.png]
[cdn11.editmysite.com/sprites/site/mobile/commerce/@2x-s82f968c453.png]
[cdn11.editmysite.com/images/site/checkout/paypal.png]
[cdn11.editmysite.com/images/site/checkout/@2x/paypal.png]
[cdn11.editmysite.com/images/site/checkout/credit-cards.png]
[cdn11.editmysite.com/images/site/checkout/@2x/credit-cards.png]
[cdn11.editmysite.com/images/site/checkout/print.png]
[cdn11.editmysite.com/images/site/checkout/print@2x.png]
[cdn11.editmysite.com/images/vendor/select2/select2.png]
[cdn11.editmysite.com/images/vendor/select2/select2-spinner.gif]
[cdn11.editmysite.com/images/vendor/select2/select2x2.png]
[cdn11.editmysite.com/images/util/spinner/spinner-dark.png]
[cdn11.editmysite.com/images/util/spinner/spinner-light.png]
[cdn11.editmysite.com/images/util/loading-white-w24.gif]
[cdn11.editmysite.com/images/common/form_input_bg.gif]
[cdn11.editmysite.com/sprites/site/forms-s3786257308.png]
[cdn11.editmysite.com/sprites/site/forms/@2x-s47607b315a.png]
[cdn11.editmysite.com/images/blank.gif]
[cdn11.editmysite.com/images/old/photoswipe/loader.gif]
[cdn11.editmysite.com/images/old/photoswipe/error.gif]
[cdn11.editmysite.com/images/old/photoswipe/icons.png]
[cdn11.editmysite.com/images/old/photoswipe/icons@2x.png]
[cdn11.editmysite.com/css/sites8153.css]
[cdn11.editmysite.com/images/old/fancybox/fancybox_sprite.png]
[cdn11.editmysite.com/images/old/fancybox/fancybox_loading.gif]
[cdn11.editmysite.com/images/old/fancybox/blank.gif]
[cdn11.editmysite.com/images/old/fancybox/fancybox_overlay.png]
[cdn11.editmysite.com/css/old/fancybox8153.css]
[cdn11.editmysite.com/css/social-icons8153.css]
[ruixiangfloor.weebly.com/files/theme/images/default-bg90a7.jpg]
[ruixiangfloor.weebly.com/files/theme/images/select-dropdown90a7.png]
[ruixiangfloor.weebly.com/files/main_style90a7.css]
[cdn2.editmysite.com/fonts/Josefin_Sans/light.woff2]
[cdn2.editmysite.com/fonts/Josefin_Sans/light.eot]
[cdn2.editmysite.com/fonts/Josefin_Sans/light.woff]
[cdn2.editmysite.com/fonts/Josefin_Sans/lightd41d.eot]
[cdn2.editmysite.com/fonts/Josefin_Sans/regular.woff2]
[cdn2.editmysite.com/fonts/Josefin_Sans/light.ttf]
[cdn2.editmysite.com/fonts/Josefin_Sans/regular.eot]
[cdn2.editmysite.com/fonts/Josefin_Sans/regular.woff]
[cdn2.editmysite.com/fonts/Josefin_Sans/regulard41d.eot]
[cdn2.editmysite.com/fonts/Josefin_Sans/bold.woff2]
[cdn2.editmysite.com/fonts/Josefin_Sans/regular.ttf]
[cdn2.editmysite.com/fonts/Josefin_Sans/bold.woff]
[cdn2.editmysite.com/fonts/Josefin_Sans/bold.eot]
[cdn2.editmysite.com/fonts/Josefin_Sans/boldd41d.eot]
[cdn2.editmysite.com/fonts/Josefin_Sans/bold.ttf]
[cdn2.editmysite.com/fonts/Josefin_Sans/lightitalic.woff2]
[cdn2.editmysite.com/fonts/Josefin_Sans/lightitalic.eot]
[cdn2.editmysite.com/fonts/Josefin_Sans/lightitalic.woff]
[cdn2.editmysite.com/fonts/Josefin_Sans/lightitalicd41d.eot]
[cdn2.editmysite.com/fonts/Josefin_Sans/italic.woff2]
[cdn2.editmysite.com/fonts/Josefin_Sans/lightitalic.ttf]
[cdn2.editmysite.com/fonts/Josefin_Sans/italic.eot]
[cdn2.editmysite.com/fonts/Josefin_Sans/italic.woff]
[cdn2.editmysite.com/fonts/Josefin_Sans/italicd41d.eot]
[cdn2.editmysite.com/fonts/Josefin_Sans/bolditalic.woff2]
[cdn2.editmysite.com/fonts/Josefin_Sans/italic.ttf]
[cdn2.editmysite.com/fonts/Josefin_Sans/bolditalic.woff]
[cdn2.editmysite.com/fonts/Josefin_Sans/bolditalic.eot]
[cdn2.editmysite.com/fonts/Josefin_Sans/fontc81e.css]
[cdn2.editmysite.com/fonts/Josefin_Sans/bolditalicd41d.eot]
[cdn2.editmysite.com/fonts/Josefin_Sans/bolditalic.ttf]
[cdn2.editmysite.com/fonts/Quattrocento/regular.woff2]
[cdn2.editmysite.com/fonts/Quattrocento/regular.eot]
[cdn2.editmysite.com/fonts/Quattrocento/regular.woff]
[cdn2.editmysite.com/fonts/Quattrocento/regulard41d.eot]
[cdn2.editmysite.com/fonts/Quattrocento/bold.woff2]
[cdn2.editmysite.com/fonts/Quattrocento/regular.ttf]
[cdn2.editmysite.com/fonts/Quattrocento/bold.eot]
[cdn2.editmysite.com/fonts/Quattrocento/bold.woff]
[cdn2.editmysite.com/fonts/Quattrocento/boldd41d.eot]
[cdn2.editmysite.com/fonts/Quattrocento/fontc81e.css]
[cdn2.editmysite.com/fonts/Crimson_Text/regular.woff2]
[cdn2.editmysite.com/fonts/Crimson_Text/regular.eot]
[cdn2.editmysite.com/fonts/Crimson_Text/regular.woff]
[cdn2.editmysite.com/fonts/Quattrocento/bold.ttf]
[cdn2.editmysite.com/fonts/Crimson_Text/regulard41d.eot]
[cdn2.editmysite.com/fonts/Crimson_Text/italic.woff2]
[cdn2.editmysite.com/fonts/Crimson_Text/regular.ttf]
[cdn2.editmysite.com/fonts/Crimson_Text/italic.woff]
[cdn2.editmysite.com/fonts/Crimson_Text/italic.eot]
[cdn2.editmysite.com/fonts/Crimson_Text/italicd41d.eot]
[cdn2.editmysite.com/fonts/Crimson_Text/italic.ttf]
[cdn2.editmysite.com/fonts/Crimson_Text/bold.woff2]
[cdn2.editmysite.com/fonts/Crimson_Text/bold.eot]
[cdn2.editmysite.com/fonts/Crimson_Text/bold.woff]
[cdn2.editmysite.com/fonts/Crimson_Text/boldd41d.eot]
[cdn2.editmysite.com/fonts/Crimson_Text/bolditalic.woff2]
[cdn2.editmysite.com/fonts/Crimson_Text/bold.ttf]
[cdn2.editmysite.com/fonts/Crimson_Text/bolditalic.eot]
[cdn2.editmysite.com/fonts/Crimson_Text/bolditalic.woff]
[cdn2.editmysite.com/fonts/Crimson_Text/bolditalicd41d.eot]
[cdn2.editmysite.com/fonts/Crimson_Text/fontc81e.css]
[cdn2.editmysite.com/fonts/Montserrat/regular.woff2]
[cdn2.editmysite.com/fonts/Crimson_Text/bolditalic.ttf]
[cdn2.editmysite.com/fonts/Montserrat/regular.woff]
[cdn2.editmysite.com/fonts/Montserrat/regular.eot]
[cdn2.editmysite.com/fonts/Montserrat/bold.woff2]
[cdn2.editmysite.com/fonts/Montserrat/regulard41d.eot]
[cdn2.editmysite.com/fonts/Montserrat/regular.ttf]
[cdn2.editmysite.com/fonts/Montserrat/bold.eot]
[cdn2.editmysite.com/fonts/Montserrat/bold.woff]
[cdn2.editmysite.com/fonts/Montserrat/fontc81e.css]
[cdn2.editmysite.com/fonts/Montserrat/boldd41d.eot]
[cdn2.editmysite.com/fonts/Playfair_Display/regular.woff2]
[cdn2.editmysite.com/fonts/Montserrat/bold.ttf]
[cdn2.editmysite.com/fonts/Playfair_Display/regular.woff]
[cdn2.editmysite.com/fonts/Playfair_Display/regular.eot]
[cdn2.editmysite.com/fonts/Playfair_Display/regulard41d.eot]
[cdn2.editmysite.com/fonts/Playfair_Display/bold.woff2]
[cdn2.editmysite.com/fonts/Playfair_Display/regular.ttf]
[cdn2.editmysite.com/fonts/Playfair_Display/bold.woff]
[cdn2.editmysite.com/fonts/Playfair_Display/bold.eot]
[cdn2.editmysite.com/fonts/Playfair_Display/boldd41d.eot]
[cdn2.editmysite.com/fonts/Playfair_Display/italic.woff2]
[cdn2.editmysite.com/fonts/Playfair_Display/bold.ttf]
[cdn2.editmysite.com/fonts/Playfair_Display/italic.eot]
[cdn2.editmysite.com/fonts/Playfair_Display/italic.woff]
[cdn2.editmysite.com/fonts/Playfair_Display/italicd41d.eot]
[cdn2.editmysite.com/fonts/Playfair_Display/bolditalic.woff2]
[cdn2.editmysite.com/fonts/Playfair_Display/italic.ttf]
[cdn2.editmysite.com/fonts/Playfair_Display/bolditalic.woff]
[cdn2.editmysite.com/fonts/Playfair_Display/bolditalic.eot]
[cdn2.editmysite.com/fonts/Playfair_Display/fontc81e.css]
[cdn2.editmysite.com/fonts/Playfair_Display/bolditalicd41d.eot]
[cdn2.editmysite.com/fonts/Lora/regular.woff2]
[cdn2.editmysite.com/fonts/Playfair_Display/bolditalic.ttf]
[cdn2.editmysite.com/fonts/Lora/regular.woff]
[cdn2.editmysite.com/fonts/Lora/regular.eot]
[cdn2.editmysite.com/fonts/Lora/regulard41d.eot]
[cdn2.editmysite.com/fonts/Lora/bold.woff2]
[cdn2.editmysite.com/fonts/Lora/regular.ttf]
[cdn2.editmysite.com/fonts/Lora/bold.woff]
[cdn2.editmysite.com/fonts/Lora/bold.eot]
[cdn2.editmysite.com/fonts/Lora/boldd41d.eot]
[cdn2.editmysite.com/fonts/Lora/italic.woff2]
[cdn2.editmysite.com/fonts/Lora/bold.ttf]
[cdn2.editmysite.com/fonts/Lora/italic.woff]
[cdn2.editmysite.com/fonts/Lora/italic.eot]
[cdn2.editmysite.com/fonts/Lora/italicd41d.eot]
[cdn2.editmysite.com/fonts/Lora/bolditalic.woff2]
[cdn2.editmysite.com/fonts/Lora/bolditalic.eot]
[cdn2.editmysite.com/fonts/Lora/italic.ttf]
[cdn2.editmysite.com/fonts/Lora/bolditalic.woff]
[cdn2.editmysite.com/fonts/Lora/fontc81e.css]
[cdn2.editmysite.com/images/old/slideshow/control_icons.gif]
[cdn2.editmysite.com/images/old/slideshow/header_slideshow_sprites.png]
[cdn2.editmysite.com/images/old/loading.gif]
[cdn2.editmysite.com/fonts/Lora/bolditalicd41d.eot]
[cdn2.editmysite.com/images/old/slideshow/header_slideshow_sprites1x.png]
[cdn2.editmysite.com/css/old/slideshow/slideshow8153.css]
[ruixiangfloor.weebly.com/files/templateArtifacts90a7.js]
[cdn2.editmysite.com/fonts/Lora/bolditalic.ttf]
[ruixiangfloor.weebly.com/_/uploads/1/1/4/6/114689087/background-images/1303430922.d6.delayed]
[www.weebly.com/editor/uploads/1/1/4/6/114689087/custom_themes/115591498170329052/files/images/26060701.jpg]
[www.weebly.com/editor/uploads/1/1/4/6/114689087/custom_themes/115591498170329052/files/images/26060702.jpg]
[www.weebly.com/editor/uploads/1/1/4/6/114689087/custom_themes/115591498170329052/files/images/26060703.jpg]
[www.weebly.com/editor/uploads/1/1/4/6/114689087/custom_themes/115591498170329052/files/images/26060704.jpg]
[www.weebly.com/editor/uploads/1/1/4/6/114689087/custom_themes/115591498170329052/files/images/26060705.jpg]
[www.weebly.com/editor/uploads/1/1/4/6/114689087/custom_themes/115591498170329052/files/images/26060706.jpg]
[ruixiangfloor.weebly.com/service.html]
[ruixiangfloor.weebly.com/about.html]
[ruixiangfloor.weebly.com/contact.html]
[ruixiangfloor.weebly.com/_/uploads/1/1/4/6/114689087/background-images/985316166.html]
[connect.facebook.net/zh_TW/sdk.js]
[ruixiangfloor.weebly.com/_/uploads/1/1/4/6/114689087/background-images/1303430922.html]
